// Jest Snapshot v1, https://jestjs.io/docs/snapshot-testing

exports[`Parser - ACTIONS Section Snapshot tests should match snapshot for complete ACTIONS section 1`] = `
{
  "actions": [
    {
      "actionType": "ActionContainer",
      "children": [
        {
          "actionType": "Action",
          "children": [],
          "endToken": {
            "column": 39,
            "endOffset": 610,
            "line": 18,
            "startOffset": 609,
            "type": "RIGHT_BRACE",
            "value": "}",
          },
          "id": 14,
          "indentLevel": 1,
          "properties": {
            "endToken": {
              "column": 41,
              "endOffset": 570,
              "line": 17,
              "startOffset": 569,
              "type": "SEMICOLON",
              "value": ";",
            },
            "properties": [
              {
                "endToken": {
                  "column": 41,
                  "endOffset": 293,
                  "line": 11,
                  "startOffset": 292,
                  "type": "SEMICOLON",
                  "value": ";",
                },
                "name": "Name",
                "startToken": {
                  "column": 29,
                  "endOffset": 284,
                  "line": 11,
                  "startOffset": 280,
                  "type": "IDENTIFIER",
                  "value": "Name",
                },
                "type": "Property",
                "value": "Refresh",
                "valueTokens": [
                  {
                    "column": 34,
                    "endOffset": 292,
                    "line": 11,
                    "startOffset": 285,
                    "type": "IDENTIFIER",
                    "value": "Refresh",
                  },
                ],
              },
              {
                "endToken": {
                  "column": 50,
                  "endOffset": 344,
                  "line": 12,
                  "startOffset": 343,
                  "type": "SEMICOLON",
                  "value": ";",
                },
                "name": "CaptionML",
                "startToken": {
                  "column": 29,
                  "endOffset": 331,
                  "line": 12,
                  "startOffset": 322,
                  "type": "IDENTIFIER",
                  "value": "CaptionML",
                },
                "type": "Property",
                "value": "ENU=Refresh",
                "valueTokens": [
                  {
                    "column": 39,
                    "endOffset": 335,
                    "line": 12,
                    "startOffset": 332,
                    "type": "IDENTIFIER",
                    "value": "ENU",
                  },
                  {
                    "column": 42,
                    "endOffset": 336,
                    "line": 12,
                    "startOffset": 335,
                    "type": "EQUAL",
                    "value": "=",
                  },
                  {
                    "column": 43,
                    "endOffset": 343,
                    "line": 12,
                    "startOffset": 336,
                    "type": "IDENTIFIER",
                    "value": "Refresh",
                  },
                ],
              },
              {
                "endToken": {
                  "column": 41,
                  "endOffset": 386,
                  "line": 13,
                  "startOffset": 385,
                  "type": "SEMICOLON",
                  "value": ";",
                },
                "name": "Promoted",
                "startToken": {
                  "column": 29,
                  "endOffset": 381,
                  "line": 13,
                  "startOffset": 373,
                  "type": "IDENTIFIER",
                  "value": "Promoted",
                },
                "type": "Property",
                "value": "Yes",
                "valueTokens": [
                  {
                    "column": 38,
                    "endOffset": 385,
                    "line": 13,
                    "startOffset": 382,
                    "type": "IDENTIFIER",
                    "value": "Yes",
                  },
                ],
              },
              {
                "endToken": {
                  "column": 42,
                  "endOffset": 429,
                  "line": 14,
                  "startOffset": 428,
                  "type": "SEMICOLON",
                  "value": ";",
                },
                "name": "Image",
                "startToken": {
                  "column": 29,
                  "endOffset": 420,
                  "line": 14,
                  "startOffset": 415,
                  "type": "IDENTIFIER",
                  "value": "Image",
                },
                "type": "Property",
                "value": "Refresh",
                "valueTokens": [
                  {
                    "column": 35,
                    "endOffset": 428,
                    "line": 14,
                    "startOffset": 421,
                    "type": "IDENTIFIER",
                    "value": "Refresh",
                  },
                ],
              },
            ],
            "startToken": {
              "column": 29,
              "endOffset": 284,
              "line": 11,
              "startOffset": 280,
              "type": "IDENTIFIER",
              "value": "Name",
            },
            "type": "PropertySection",
          },
          "rawActionType": undefined,
          "startToken": {
            "column": 13,
            "endOffset": 225,
            "line": 10,
            "startOffset": 224,
            "type": "LEFT_BRACE",
            "value": "{",
          },
          "triggers": [
            {
              "body": [
                {
                  "endToken": {
                    "column": 55,
                    "endOffset": 528,
                    "line": 16,
                    "startOffset": 527,
                    "type": "SEMICOLON",
                    "value": ";",
                  },
                  "expression": {
                    "endToken": {
                      "column": 49,
                      "endOffset": 527,
                      "line": 16,
                      "startOffset": 521,
                      "type": "IDENTIFIER",
                      "value": "UPDATE",
                    },
                    "object": {
                      "endToken": {
                        "column": 40,
                        "endOffset": 520,
                        "line": 16,
                        "startOffset": 512,
                        "type": "IDENTIFIER",
                        "value": "CurrPage",
                      },
                      "isQuoted": false,
                      "name": "CurrPage",
                      "startToken": {
                        "column": 40,
                        "endOffset": 520,
                        "line": 16,
                        "startOffset": 512,
                        "type": "IDENTIFIER",
                        "value": "CurrPage",
                      },
                      "type": "Identifier",
                    },
                    "property": {
                      "endToken": {
                        "column": 49,
                        "endOffset": 527,
                        "line": 16,
                        "startOffset": 521,
                        "type": "IDENTIFIER",
                        "value": "UPDATE",
                      },
                      "isQuoted": false,
                      "name": "UPDATE",
                      "startToken": {
                        "column": 49,
                        "endOffset": 527,
                        "line": 16,
                        "startOffset": 521,
                        "type": "IDENTIFIER",
                        "value": "UPDATE",
                      },
                      "type": "Identifier",
                    },
                    "startToken": {
                      "column": 40,
                      "endOffset": 520,
                      "line": 16,
                      "startOffset": 512,
                      "type": "IDENTIFIER",
                      "value": "CurrPage",
                    },
                    "type": "MemberExpression",
                  },
                  "startToken": {
                    "column": 40,
                    "endOffset": 520,
                    "line": 16,
                    "startOffset": 512,
                    "type": "IDENTIFIER",
                    "value": "CurrPage",
                  },
                  "type": "CallStatement",
                },
              ],
              "endToken": {
                "column": 41,
                "endOffset": 570,
                "line": 17,
                "startOffset": 569,
                "type": "SEMICOLON",
                "value": ";",
              },
              "name": "OnAction",
              "startToken": {
                "column": 29,
                "endOffset": 466,
                "line": 15,
                "startOffset": 458,
                "type": "IDENTIFIER",
                "value": "OnAction",
              },
              "type": "TriggerDeclaration",
              "variables": [],
            },
          ],
          "type": "ActionDeclaration",
        },
      ],
      "endToken": {
        "column": 61,
        "endOffset": 211,
        "line": 9,
        "startOffset": 210,
        "type": "RIGHT_BRACE",
        "value": "}",
      },
      "id": 9,
      "indentLevel": 0,
      "properties": {
        "endToken": {
          "column": 49,
          "endOffset": 209,
          "line": 9,
          "startOffset": 198,
          "type": "IDENTIFIER",
          "value": "ActionItems",
        },
        "properties": [
          {
            "endToken": {
              "column": 49,
              "endOffset": 209,
              "line": 9,
              "startOffset": 198,
              "type": "IDENTIFIER",
              "value": "ActionItems",
            },
            "name": "ActionContainerType",
            "startToken": {
              "column": 29,
              "endOffset": 197,
              "line": 9,
              "startOffset": 178,
              "type": "IDENTIFIER",
              "value": "ActionContainerType",
            },
            "type": "Property",
            "value": "ActionItems",
            "valueTokens": [
              {
                "column": 49,
                "endOffset": 209,
                "line": 9,
                "startOffset": 198,
                "type": "IDENTIFIER",
                "value": "ActionItems",
              },
            ],
          },
        ],
        "startToken": {
          "column": 29,
          "endOffset": 197,
          "line": 9,
          "startOffset": 178,
          "type": "IDENTIFIER",
          "value": "ActionContainerType",
        },
        "type": "PropertySection",
      },
      "rawActionType": undefined,
      "startToken": {
        "column": 13,
        "endOffset": 118,
        "line": 8,
        "startOffset": 117,
        "type": "LEFT_BRACE",
        "value": "{",
      },
      "triggers": null,
      "type": "ActionDeclaration",
    },
    {
      "actionType": "ActionContainer",
      "children": [
        {
          "actionType": "Action",
          "children": [],
          "endToken": {
            "column": 39,
            "endOffset": 985,
            "line": 26,
            "startOffset": 984,
            "type": "RIGHT_BRACE",
            "value": "}",
          },
          "id": 11,
          "indentLevel": 1,
          "properties": {
            "endToken": {
              "column": 41,
              "endOffset": 945,
              "line": 25,
              "startOffset": 944,
              "type": "SEMICOLON",
              "value": ";",
            },
            "properties": [
              {
                "endToken": {
                  "column": 44,
                  "endOffset": 809,
                  "line": 22,
                  "startOffset": 808,
                  "type": "SEMICOLON",
                  "value": ";",
                },
                "name": "Name",
                "startToken": {
                  "column": 29,
                  "endOffset": 797,
                  "line": 22,
                  "startOffset": 793,
                  "type": "IDENTIFIER",
                  "value": "Name",
                },
                "type": "Property",
                "value": "ShowErrors",
                "valueTokens": [
                  {
                    "column": 34,
                    "endOffset": 808,
                    "line": 22,
                    "startOffset": 798,
                    "type": "IDENTIFIER",
                    "value": "ShowErrors",
                  },
                ],
              },
            ],
            "startToken": {
              "column": 29,
              "endOffset": 797,
              "line": 22,
              "startOffset": 793,
              "type": "IDENTIFIER",
              "value": "Name",
            },
            "type": "PropertySection",
          },
          "rawActionType": undefined,
          "startToken": {
            "column": 13,
            "endOffset": 738,
            "line": 21,
            "startOffset": 737,
            "type": "LEFT_BRACE",
            "value": "{",
          },
          "triggers": [
            {
              "body": [
                {
                  "endToken": {
                    "column": 50,
                    "endOffset": 903,
                    "line": 24,
                    "startOffset": 902,
                    "type": "SEMICOLON",
                    "value": ";",
                  },
                  "expression": {
                    "endToken": {
                      "column": 40,
                      "endOffset": 902,
                      "line": 24,
                      "startOffset": 892,
                      "type": "IDENTIFIER",
                      "value": "ShowErrors",
                    },
                    "isQuoted": false,
                    "name": "ShowErrors",
                    "startToken": {
                      "column": 40,
                      "endOffset": 902,
                      "line": 24,
                      "startOffset": 892,
                      "type": "IDENTIFIER",
                      "value": "ShowErrors",
                    },
                    "type": "Identifier",
                  },
                  "startToken": {
                    "column": 40,
                    "endOffset": 902,
                    "line": 24,
                    "startOffset": 892,
                    "type": "IDENTIFIER",
                    "value": "ShowErrors",
                  },
                  "type": "CallStatement",
                },
              ],
              "endToken": {
                "column": 41,
                "endOffset": 945,
                "line": 25,
                "startOffset": 944,
                "type": "SEMICOLON",
                "value": ";",
              },
              "name": "OnAction",
              "startToken": {
                "column": 29,
                "endOffset": 846,
                "line": 23,
                "startOffset": 838,
                "type": "IDENTIFIER",
                "value": "OnAction",
              },
              "type": "TriggerDeclaration",
              "variables": [],
            },
          ],
          "type": "ActionDeclaration",
        },
      ],
      "endToken": {
        "column": 68,
        "endOffset": 724,
        "line": 20,
        "startOffset": 723,
        "type": "RIGHT_BRACE",
        "value": "}",
      },
      "id": 13,
      "indentLevel": 0,
      "properties": {
        "endToken": {
          "column": 49,
          "endOffset": 722,
          "line": 20,
          "startOffset": 704,
          "type": "IDENTIFIER",
          "value": "RelatedInformation",
        },
        "properties": [
          {
            "endToken": {
              "column": 49,
              "endOffset": 722,
              "line": 20,
              "startOffset": 704,
              "type": "IDENTIFIER",
              "value": "RelatedInformation",
            },
            "name": "ActionContainerType",
            "startToken": {
              "column": 29,
              "endOffset": 703,
              "line": 20,
              "startOffset": 684,
              "type": "IDENTIFIER",
              "value": "ActionContainerType",
            },
            "type": "Property",
            "value": "RelatedInformation",
            "valueTokens": [
              {
                "column": 49,
                "endOffset": 722,
                "line": 20,
                "startOffset": 704,
                "type": "IDENTIFIER",
                "value": "RelatedInformation",
              },
            ],
          },
        ],
        "startToken": {
          "column": 29,
          "endOffset": 703,
          "line": 20,
          "startOffset": 684,
          "type": "IDENTIFIER",
          "value": "ActionContainerType",
        },
        "type": "PropertySection",
      },
      "rawActionType": undefined,
      "startToken": {
        "column": 13,
        "endOffset": 624,
        "line": 19,
        "startOffset": 623,
        "type": "LEFT_BRACE",
        "value": "{",
      },
      "triggers": null,
      "type": "ActionDeclaration",
    },
  ],
  "endToken": {
    "column": 11,
    "endOffset": 997,
    "line": 27,
    "startOffset": 996,
    "type": "RIGHT_BRACE",
    "value": "}",
  },
  "startToken": {
    "column": 9,
    "endOffset": 94,
    "line": 6,
    "startOffset": 87,
    "type": "ACTIONS",
    "value": "ACTIONS",
  },
  "type": "ActionSection",
}
`;

exports[`Parser - ACTIONS Section Snapshot tests should match snapshot for nested hierarchy 1`] = `
{
  "actions": [
    {
      "actionType": "ActionContainer",
      "children": [
        {
          "actionType": "ActionGroup",
          "children": [
            {
              "actionType": "Action",
              "children": [],
              "endToken": {
                "column": 42,
                "endOffset": 322,
                "line": 12,
                "startOffset": 321,
                "type": "RIGHT_BRACE",
                "value": "}",
              },
              "id": 3,
              "indentLevel": 2,
              "properties": {
                "endToken": {
                  "column": 34,
                  "endOffset": 320,
                  "line": 12,
                  "startOffset": 313,
                  "type": "IDENTIFIER",
                  "value": "Action1",
                },
                "properties": [
                  {
                    "endToken": {
                      "column": 34,
                      "endOffset": 320,
                      "line": 12,
                      "startOffset": 313,
                      "type": "IDENTIFIER",
                      "value": "Action1",
                    },
                    "name": "Name",
                    "startToken": {
                      "column": 29,
                      "endOffset": 312,
                      "line": 12,
                      "startOffset": 308,
                      "type": "IDENTIFIER",
                      "value": "Name",
                    },
                    "type": "Property",
                    "value": "Action1",
                    "valueTokens": [
                      {
                        "column": 34,
                        "endOffset": 320,
                        "line": 12,
                        "startOffset": 313,
                        "type": "IDENTIFIER",
                        "value": "Action1",
                      },
                    ],
                  },
                ],
                "startToken": {
                  "column": 29,
                  "endOffset": 312,
                  "line": 12,
                  "startOffset": 308,
                  "type": "IDENTIFIER",
                  "value": "Name",
                },
                "type": "PropertySection",
              },
              "rawActionType": undefined,
              "startToken": {
                "column": 13,
                "endOffset": 257,
                "line": 11,
                "startOffset": 256,
                "type": "LEFT_BRACE",
                "value": "{",
              },
              "triggers": null,
              "type": "ActionDeclaration",
            },
            {
              "actionType": "Action",
              "children": [],
              "endToken": {
                "column": 42,
                "endOffset": 401,
                "line": 14,
                "startOffset": 400,
                "type": "RIGHT_BRACE",
                "value": "}",
              },
              "id": 4,
              "indentLevel": 2,
              "properties": {
                "endToken": {
                  "column": 34,
                  "endOffset": 399,
                  "line": 14,
                  "startOffset": 392,
                  "type": "IDENTIFIER",
                  "value": "Action2",
                },
                "properties": [
                  {
                    "endToken": {
                      "column": 34,
                      "endOffset": 399,
                      "line": 14,
                      "startOffset": 392,
                      "type": "IDENTIFIER",
                      "value": "Action2",
                    },
                    "name": "Name",
                    "startToken": {
                      "column": 29,
                      "endOffset": 391,
                      "line": 14,
                      "startOffset": 387,
                      "type": "IDENTIFIER",
                      "value": "Name",
                    },
                    "type": "Property",
                    "value": "Action2",
                    "valueTokens": [
                      {
                        "column": 34,
                        "endOffset": 399,
                        "line": 14,
                        "startOffset": 392,
                        "type": "IDENTIFIER",
                        "value": "Action2",
                      },
                    ],
                  },
                ],
                "startToken": {
                  "column": 29,
                  "endOffset": 391,
                  "line": 14,
                  "startOffset": 387,
                  "type": "IDENTIFIER",
                  "value": "Name",
                },
                "type": "PropertySection",
              },
              "rawActionType": undefined,
              "startToken": {
                "column": 13,
                "endOffset": 336,
                "line": 13,
                "startOffset": 335,
                "type": "LEFT_BRACE",
                "value": "{",
              },
              "triggers": null,
              "type": "ActionDeclaration",
            },
          ],
          "endToken": {
            "column": 51,
            "endOffset": 243,
            "line": 10,
            "startOffset": 242,
            "type": "RIGHT_BRACE",
            "value": "}",
          },
          "id": 2,
          "indentLevel": 1,
          "properties": {
            "endToken": {
              "column": 49,
              "endOffset": 241,
              "line": 10,
              "startOffset": 240,
              "type": "INTEGER",
              "value": "1",
            },
            "properties": [
              {
                "endToken": {
                  "column": 49,
                  "endOffset": 241,
                  "line": 10,
                  "startOffset": 240,
                  "type": "INTEGER",
                  "value": "1",
                },
                "name": "CaptionML",
                "startToken": {
                  "column": 29,
                  "endOffset": 229,
                  "line": 10,
                  "startOffset": 220,
                  "type": "IDENTIFIER",
                  "value": "CaptionML",
                },
                "type": "Property",
                "value": "ENU=Group 1",
                "valueTokens": [
                  {
                    "column": 39,
                    "endOffset": 233,
                    "line": 10,
                    "startOffset": 230,
                    "type": "IDENTIFIER",
                    "value": "ENU",
                  },
                  {
                    "column": 42,
                    "endOffset": 234,
                    "line": 10,
                    "startOffset": 233,
                    "type": "EQUAL",
                    "value": "=",
                  },
                  {
                    "column": 43,
                    "endOffset": 239,
                    "line": 10,
                    "startOffset": 234,
                    "type": "IDENTIFIER",
                    "value": "Group",
                  },
                  {
                    "column": 49,
                    "endOffset": 241,
                    "line": 10,
                    "startOffset": 240,
                    "type": "INTEGER",
                    "value": "1",
                  },
                ],
              },
            ],
            "startToken": {
              "column": 29,
              "endOffset": 229,
              "line": 10,
              "startOffset": 220,
              "type": "IDENTIFIER",
              "value": "CaptionML",
            },
            "type": "PropertySection",
          },
          "rawActionType": undefined,
          "startToken": {
            "column": 13,
            "endOffset": 164,
            "line": 9,
            "startOffset": 163,
            "type": "LEFT_BRACE",
            "value": "{",
          },
          "triggers": null,
          "type": "ActionDeclaration",
        },
        {
          "actionType": "ActionGroup",
          "children": [
            {
              "actionType": "Action",
              "children": [],
              "endToken": {
                "column": 42,
                "endOffset": 573,
                "line": 18,
                "startOffset": 572,
                "type": "RIGHT_BRACE",
                "value": "}",
              },
              "id": 6,
              "indentLevel": 2,
              "properties": {
                "endToken": {
                  "column": 34,
                  "endOffset": 571,
                  "line": 18,
                  "startOffset": 564,
                  "type": "IDENTIFIER",
                  "value": "Action3",
                },
                "properties": [
                  {
                    "endToken": {
                      "column": 34,
                      "endOffset": 571,
                      "line": 18,
                      "startOffset": 564,
                      "type": "IDENTIFIER",
                      "value": "Action3",
                    },
                    "name": "Name",
                    "startToken": {
                      "column": 29,
                      "endOffset": 563,
                      "line": 18,
                      "startOffset": 559,
                      "type": "IDENTIFIER",
                      "value": "Name",
                    },
                    "type": "Property",
                    "value": "Action3",
                    "valueTokens": [
                      {
                        "column": 34,
                        "endOffset": 571,
                        "line": 18,
                        "startOffset": 564,
                        "type": "IDENTIFIER",
                        "value": "Action3",
                      },
                    ],
                  },
                ],
                "startToken": {
                  "column": 29,
                  "endOffset": 563,
                  "line": 18,
                  "startOffset": 559,
                  "type": "IDENTIFIER",
                  "value": "Name",
                },
                "type": "PropertySection",
              },
              "rawActionType": undefined,
              "startToken": {
                "column": 13,
                "endOffset": 508,
                "line": 17,
                "startOffset": 507,
                "type": "LEFT_BRACE",
                "value": "{",
              },
              "triggers": null,
              "type": "ActionDeclaration",
            },
          ],
          "endToken": {
            "column": 51,
            "endOffset": 494,
            "line": 16,
            "startOffset": 493,
            "type": "RIGHT_BRACE",
            "value": "}",
          },
          "id": 5,
          "indentLevel": 1,
          "properties": {
            "endToken": {
              "column": 49,
              "endOffset": 492,
              "line": 16,
              "startOffset": 491,
              "type": "INTEGER",
              "value": "2",
            },
            "properties": [
              {
                "endToken": {
                  "column": 49,
                  "endOffset": 492,
                  "line": 16,
                  "startOffset": 491,
                  "type": "INTEGER",
                  "value": "2",
                },
                "name": "CaptionML",
                "startToken": {
                  "column": 29,
                  "endOffset": 480,
                  "line": 16,
                  "startOffset": 471,
                  "type": "IDENTIFIER",
                  "value": "CaptionML",
                },
                "type": "Property",
                "value": "ENU=Group 2",
                "valueTokens": [
                  {
                    "column": 39,
                    "endOffset": 484,
                    "line": 16,
                    "startOffset": 481,
                    "type": "IDENTIFIER",
                    "value": "ENU",
                  },
                  {
                    "column": 42,
                    "endOffset": 485,
                    "line": 16,
                    "startOffset": 484,
                    "type": "EQUAL",
                    "value": "=",
                  },
                  {
                    "column": 43,
                    "endOffset": 490,
                    "line": 16,
                    "startOffset": 485,
                    "type": "IDENTIFIER",
                    "value": "Group",
                  },
                  {
                    "column": 49,
                    "endOffset": 492,
                    "line": 16,
                    "startOffset": 491,
                    "type": "INTEGER",
                    "value": "2",
                  },
                ],
              },
            ],
            "startToken": {
              "column": 29,
              "endOffset": 480,
              "line": 16,
              "startOffset": 471,
              "type": "IDENTIFIER",
              "value": "CaptionML",
            },
            "type": "PropertySection",
          },
          "rawActionType": undefined,
          "startToken": {
            "column": 13,
            "endOffset": 415,
            "line": 15,
            "startOffset": 414,
            "type": "LEFT_BRACE",
            "value": "{",
          },
          "triggers": null,
          "type": "ActionDeclaration",
        },
      ],
      "endToken": {
        "column": 45,
        "endOffset": 150,
        "line": 8,
        "startOffset": 149,
        "type": "RIGHT_BRACE",
        "value": "}",
      },
      "id": 1,
      "indentLevel": 0,
      "properties": null,
      "rawActionType": undefined,
      "startToken": {
        "column": 13,
        "endOffset": 118,
        "line": 8,
        "startOffset": 117,
        "type": "LEFT_BRACE",
        "value": "{",
      },
      "triggers": null,
      "type": "ActionDeclaration",
    },
  ],
  "endToken": {
    "column": 11,
    "endOffset": 585,
    "line": 19,
    "startOffset": 584,
    "type": "RIGHT_BRACE",
    "value": "}",
  },
  "startToken": {
    "column": 9,
    "endOffset": 94,
    "line": 6,
    "startOffset": 87,
    "type": "ACTIONS",
    "value": "ACTIONS",
  },
  "type": "ActionSection",
}
`;
