// Jest Snapshot v1, https://jestjs.io/docs/snapshot-testing

exports[`Parser - CONTROLS Section Snapshot tests should match snapshot for complete CONTROLS section 1`] = `
{
  "controls": [
    {
      "children": [
        {
          "children": [
            {
              "children": [],
              "controlType": "Field",
              "endToken": {
                "column": 44,
                "endOffset": 425,
                "line": 15,
                "startOffset": 424,
                "type": "RIGHT_BRACE",
                "value": "}",
              },
              "id": 3,
              "indentLevel": 2,
              "properties": {
                "endToken": {
                  "column": 37,
                  "endOffset": 423,
                  "line": 15,
                  "startOffset": 417,
                  "type": "IDENTIFIER",
                  "value": "Number",
                },
                "properties": [
                  {
                    "endToken": {
                      "column": 39,
                      "endOffset": 380,
                      "line": 14,
                      "startOffset": 379,
                      "type": "SEMICOLON",
                      "value": ";",
                    },
                    "name": "SourceExpr",
                    "startToken": {
                      "column": 23,
                      "endOffset": 373,
                      "line": 14,
                      "startOffset": 363,
                      "type": "IDENTIFIER",
                      "value": "SourceExpr",
                    },
                    "type": "Property",
                    "value": "No.",
                    "valueTokens": [
                      {
                        "column": 34,
                        "endOffset": 379,
                        "line": 14,
                        "startOffset": 374,
                        "type": "QUOTED_IDENTIFIER",
                        "value": "No.",
                      },
                    ],
                  },
                  {
                    "endToken": {
                      "column": 37,
                      "endOffset": 423,
                      "line": 15,
                      "startOffset": 417,
                      "type": "IDENTIFIER",
                      "value": "Number",
                    },
                    "name": "CaptionML",
                    "startToken": {
                      "column": 23,
                      "endOffset": 412,
                      "line": 15,
                      "startOffset": 403,
                      "type": "IDENTIFIER",
                      "value": "CaptionML",
                    },
                    "type": "Property",
                    "value": "ENU=Number",
                    "valueTokens": [
                      {
                        "column": 33,
                        "endOffset": 416,
                        "line": 15,
                        "startOffset": 413,
                        "type": "IDENTIFIER",
                        "value": "ENU",
                      },
                      {
                        "column": 36,
                        "endOffset": 417,
                        "line": 15,
                        "startOffset": 416,
                        "type": "EQUAL",
                        "value": "=",
                      },
                      {
                        "column": 37,
                        "endOffset": 423,
                        "line": 15,
                        "startOffset": 417,
                        "type": "IDENTIFIER",
                        "value": "Number",
                      },
                    ],
                  },
                ],
                "startToken": {
                  "column": 23,
                  "endOffset": 373,
                  "line": 14,
                  "startOffset": 363,
                  "type": "IDENTIFIER",
                  "value": "SourceExpr",
                },
                "type": "PropertySection",
              },
              "rawControlType": undefined,
              "startToken": {
                "column": 11,
                "endOffset": 318,
                "line": 13,
                "startOffset": 317,
                "type": "LEFT_BRACE",
                "value": "{",
              },
              "triggers": null,
              "type": "ControlDeclaration",
            },
            {
              "children": [],
              "controlType": "Field",
              "endToken": {
                "column": 35,
                "endOffset": 664,
                "line": 21,
                "startOffset": 663,
                "type": "RIGHT_BRACE",
                "value": "}",
              },
              "id": 4,
              "indentLevel": 2,
              "properties": {
                "endToken": {
                  "column": 37,
                  "endOffset": 628,
                  "line": 20,
                  "startOffset": 627,
                  "type": "SEMICOLON",
                  "value": ";",
                },
                "properties": [
                  {
                    "endToken": {
                      "column": 38,
                      "endOffset": 498,
                      "line": 17,
                      "startOffset": 497,
                      "type": "SEMICOLON",
                      "value": ";",
                    },
                    "name": "SourceExpr",
                    "startToken": {
                      "column": 23,
                      "endOffset": 492,
                      "line": 17,
                      "startOffset": 482,
                      "type": "IDENTIFIER",
                      "value": "SourceExpr",
                    },
                    "type": "Property",
                    "value": "Name",
                    "valueTokens": [
                      {
                        "column": 34,
                        "endOffset": 497,
                        "line": 17,
                        "startOffset": 493,
                        "type": "IDENTIFIER",
                        "value": "Name",
                      },
                    ],
                  },
                ],
                "startToken": {
                  "column": 23,
                  "endOffset": 492,
                  "line": 17,
                  "startOffset": 482,
                  "type": "IDENTIFIER",
                  "value": "SourceExpr",
                },
                "type": "PropertySection",
              },
              "rawControlType": undefined,
              "startToken": {
                "column": 11,
                "endOffset": 437,
                "line": 16,
                "startOffset": 436,
                "type": "LEFT_BRACE",
                "value": "{",
              },
              "triggers": [
                {
                  "body": [
                    {
                      "endToken": {
                        "column": 52,
                        "endOffset": 590,
                        "line": 19,
                        "startOffset": 589,
                        "type": "SEMICOLON",
                        "value": ";",
                      },
                      "expression": {
                        "arguments": [
                          {
                            "endToken": {
                              "column": 46,
                              "endOffset": 588,
                              "line": 19,
                              "startOffset": 583,
                              "type": "QUOTED_IDENTIFIER",
                              "value": "No.",
                            },
                            "isQuoted": true,
                            "name": "No.",
                            "startToken": {
                              "column": 46,
                              "endOffset": 588,
                              "line": 19,
                              "startOffset": 583,
                              "type": "QUOTED_IDENTIFIER",
                              "value": "No.",
                            },
                            "type": "Identifier",
                          },
                        ],
                        "callee": {
                          "endToken": {
                            "column": 36,
                            "endOffset": 582,
                            "line": 19,
                            "startOffset": 573,
                            "type": "IDENTIFIER",
                            "value": "TESTFIELD",
                          },
                          "isQuoted": false,
                          "name": "TESTFIELD",
                          "startToken": {
                            "column": 36,
                            "endOffset": 582,
                            "line": 19,
                            "startOffset": 573,
                            "type": "IDENTIFIER",
                            "value": "TESTFIELD",
                          },
                          "type": "Identifier",
                        },
                        "endToken": {
                          "column": 51,
                          "endOffset": 589,
                          "line": 19,
                          "startOffset": 588,
                          "type": "RIGHT_PAREN",
                          "value": ")",
                        },
                        "startToken": {
                          "column": 36,
                          "endOffset": 582,
                          "line": 19,
                          "startOffset": 573,
                          "type": "IDENTIFIER",
                          "value": "TESTFIELD",
                        },
                        "type": "CallExpression",
                      },
                      "startToken": {
                        "column": 36,
                        "endOffset": 582,
                        "line": 19,
                        "startOffset": 573,
                        "type": "IDENTIFIER",
                        "value": "TESTFIELD",
                      },
                      "type": "CallStatement",
                    },
                  ],
                  "endToken": {
                    "column": 37,
                    "endOffset": 628,
                    "line": 20,
                    "startOffset": 627,
                    "type": "SEMICOLON",
                    "value": ";",
                  },
                  "name": "OnValidate",
                  "startToken": {
                    "column": 23,
                    "endOffset": 531,
                    "line": 18,
                    "startOffset": 521,
                    "type": "IDENTIFIER",
                    "value": "OnValidate",
                  },
                  "type": "TriggerDeclaration",
                  "variables": [],
                },
              ],
              "type": "ControlDeclaration",
            },
          ],
          "controlType": "Group",
          "endToken": {
            "column": 39,
            "endOffset": 306,
            "line": 12,
            "startOffset": 305,
            "type": "RIGHT_BRACE",
            "value": "}",
          },
          "id": 2,
          "indentLevel": 1,
          "properties": {
            "endToken": {
              "column": 33,
              "endOffset": 304,
              "line": 12,
              "startOffset": 299,
              "type": "IDENTIFIER",
              "value": "Group",
            },
            "properties": [
              {
                "endToken": {
                  "column": 44,
                  "endOffset": 266,
                  "line": 11,
                  "startOffset": 265,
                  "type": "SEMICOLON",
                  "value": ";",
                },
                "name": "CaptionML",
                "startToken": {
                  "column": 23,
                  "endOffset": 253,
                  "line": 11,
                  "startOffset": 244,
                  "type": "IDENTIFIER",
                  "value": "CaptionML",
                },
                "type": "Property",
                "value": "ENU=General",
                "valueTokens": [
                  {
                    "column": 33,
                    "endOffset": 257,
                    "line": 11,
                    "startOffset": 254,
                    "type": "IDENTIFIER",
                    "value": "ENU",
                  },
                  {
                    "column": 36,
                    "endOffset": 258,
                    "line": 11,
                    "startOffset": 257,
                    "type": "EQUAL",
                    "value": "=",
                  },
                  {
                    "column": 37,
                    "endOffset": 265,
                    "line": 11,
                    "startOffset": 258,
                    "type": "IDENTIFIER",
                    "value": "General",
                  },
                ],
              },
              {
                "endToken": {
                  "column": 33,
                  "endOffset": 304,
                  "line": 12,
                  "startOffset": 299,
                  "type": "IDENTIFIER",
                  "value": "Group",
                },
                "name": "GroupType",
                "startToken": {
                  "column": 23,
                  "endOffset": 298,
                  "line": 12,
                  "startOffset": 289,
                  "type": "IDENTIFIER",
                  "value": "GroupType",
                },
                "type": "Property",
                "value": "Group",
                "valueTokens": [
                  {
                    "column": 33,
                    "endOffset": 304,
                    "line": 12,
                    "startOffset": 299,
                    "type": "IDENTIFIER",
                    "value": "Group",
                  },
                ],
              },
            ],
            "startToken": {
              "column": 23,
              "endOffset": 253,
              "line": 11,
              "startOffset": 244,
              "type": "IDENTIFIER",
              "value": "CaptionML",
            },
            "type": "PropertySection",
          },
          "rawControlType": undefined,
          "startToken": {
            "column": 11,
            "endOffset": 199,
            "line": 10,
            "startOffset": 198,
            "type": "LEFT_BRACE",
            "value": "{",
          },
          "triggers": null,
          "type": "ControlDeclaration",
        },
        {
          "children": [],
          "controlType": "Part",
          "endToken": {
            "column": 43,
            "endOffset": 792,
            "line": 24,
            "startOffset": 791,
            "type": "RIGHT_BRACE",
            "value": "}",
          },
          "id": 5,
          "indentLevel": 1,
          "properties": {
            "endToken": {
              "column": 34,
              "endOffset": 790,
              "line": 24,
              "startOffset": 782,
              "type": "IDENTIFIER",
              "value": "Page9080",
            },
            "properties": [
              {
                "endToken": {
                  "column": 49,
                  "endOffset": 748,
                  "line": 23,
                  "startOffset": 747,
                  "type": "SEMICOLON",
                  "value": ";",
                },
                "name": "SubPageLink",
                "startToken": {
                  "column": 23,
                  "endOffset": 732,
                  "line": 23,
                  "startOffset": 721,
                  "type": "IDENTIFIER",
                  "value": "SubPageLink",
                },
                "type": "Property",
                "value": "No.=FIELD(No.)",
                "valueTokens": [
                  {
                    "column": 35,
                    "endOffset": 735,
                    "line": 23,
                    "startOffset": 733,
                    "type": "IDENTIFIER",
                    "value": "No",
                  },
                  {
                    "column": 37,
                    "endOffset": 736,
                    "line": 23,
                    "startOffset": 735,
                    "type": "DOT",
                    "value": ".",
                  },
                  {
                    "column": 38,
                    "endOffset": 737,
                    "line": 23,
                    "startOffset": 736,
                    "type": "EQUAL",
                    "value": "=",
                  },
                  {
                    "column": 39,
                    "endOffset": 742,
                    "line": 23,
                    "startOffset": 737,
                    "type": "IDENTIFIER",
                    "value": "FIELD",
                  },
                  {
                    "column": 44,
                    "endOffset": 743,
                    "line": 23,
                    "startOffset": 742,
                    "type": "LEFT_PAREN",
                    "value": "(",
                  },
                  {
                    "column": 45,
                    "endOffset": 745,
                    "line": 23,
                    "startOffset": 743,
                    "type": "IDENTIFIER",
                    "value": "No",
                  },
                  {
                    "column": 47,
                    "endOffset": 746,
                    "line": 23,
                    "startOffset": 745,
                    "type": "DOT",
                    "value": ".",
                  },
                  {
                    "column": 48,
                    "endOffset": 747,
                    "line": 23,
                    "startOffset": 746,
                    "type": "RIGHT_PAREN",
                    "value": ")",
                  },
                ],
              },
              {
                "endToken": {
                  "column": 34,
                  "endOffset": 790,
                  "line": 24,
                  "startOffset": 782,
                  "type": "IDENTIFIER",
                  "value": "Page9080",
                },
                "name": "PagePartID",
                "startToken": {
                  "column": 23,
                  "endOffset": 781,
                  "line": 24,
                  "startOffset": 771,
                  "type": "IDENTIFIER",
                  "value": "PagePartID",
                },
                "type": "Property",
                "value": "Page9080",
                "valueTokens": [
                  {
                    "column": 34,
                    "endOffset": 790,
                    "line": 24,
                    "startOffset": 782,
                    "type": "IDENTIFIER",
                    "value": "Page9080",
                  },
                ],
              },
            ],
            "startToken": {
              "column": 23,
              "endOffset": 732,
              "line": 23,
              "startOffset": 721,
              "type": "IDENTIFIER",
              "value": "SubPageLink",
            },
            "type": "PropertySection",
          },
          "rawControlType": undefined,
          "startToken": {
            "column": 11,
            "endOffset": 676,
            "line": 22,
            "startOffset": 675,
            "type": "LEFT_BRACE",
            "value": "{",
          },
          "triggers": null,
          "type": "ControlDeclaration",
        },
      ],
      "controlType": "Container",
      "endToken": {
        "column": 49,
        "endOffset": 187,
        "line": 9,
        "startOffset": 186,
        "type": "RIGHT_BRACE",
        "value": "}",
      },
      "id": 1,
      "indentLevel": 0,
      "properties": {
        "endToken": {
          "column": 37,
          "endOffset": 185,
          "line": 9,
          "startOffset": 174,
          "type": "IDENTIFIER",
          "value": "ContentArea",
        },
        "properties": [
          {
            "endToken": {
              "column": 37,
              "endOffset": 185,
              "line": 9,
              "startOffset": 174,
              "type": "IDENTIFIER",
              "value": "ContentArea",
            },
            "name": "ContainerType",
            "startToken": {
              "column": 23,
              "endOffset": 173,
              "line": 9,
              "startOffset": 160,
              "type": "IDENTIFIER",
              "value": "ContainerType",
            },
            "type": "Property",
            "value": "ContentArea",
            "valueTokens": [
              {
                "column": 37,
                "endOffset": 185,
                "line": 9,
                "startOffset": 174,
                "type": "IDENTIFIER",
                "value": "ContentArea",
              },
            ],
          },
        ],
        "startToken": {
          "column": 23,
          "endOffset": 173,
          "line": 9,
          "startOffset": 160,
          "type": "IDENTIFIER",
          "value": "ContainerType",
        },
        "type": "PropertySection",
      },
      "rawControlType": undefined,
      "startToken": {
        "column": 11,
        "endOffset": 115,
        "line": 8,
        "startOffset": 114,
        "type": "LEFT_BRACE",
        "value": "{",
      },
      "triggers": null,
      "type": "ControlDeclaration",
    },
  ],
  "endToken": {
    "column": 9,
    "endOffset": 802,
    "line": 25,
    "startOffset": 801,
    "type": "RIGHT_BRACE",
    "value": "}",
  },
  "startToken": {
    "column": 9,
    "endOffset": 93,
    "line": 6,
    "startOffset": 85,
    "type": "CONTROLS",
    "value": "CONTROLS",
  },
  "type": "ControlSection",
}
`;

exports[`Parser - CONTROLS Section Snapshot tests should match snapshot for nested hierarchy 1`] = `
{
  "controls": [
    {
      "children": [
        {
          "children": [
            {
              "children": [],
              "controlType": "Field",
              "endToken": {
                "column": 41,
                "endOffset": 293,
                "line": 12,
                "startOffset": 292,
                "type": "RIGHT_BRACE",
                "value": "}",
              },
              "id": 3,
              "indentLevel": 2,
              "properties": {
                "endToken": {
                  "column": 34,
                  "endOffset": 291,
                  "line": 12,
                  "startOffset": 285,
                  "type": "IDENTIFIER",
                  "value": "Field1",
                },
                "properties": [
                  {
                    "endToken": {
                      "column": 34,
                      "endOffset": 291,
                      "line": 12,
                      "startOffset": 285,
                      "type": "IDENTIFIER",
                      "value": "Field1",
                    },
                    "name": "SourceExpr",
                    "startToken": {
                      "column": 23,
                      "endOffset": 284,
                      "line": 12,
                      "startOffset": 274,
                      "type": "IDENTIFIER",
                      "value": "SourceExpr",
                    },
                    "type": "Property",
                    "value": "Field1",
                    "valueTokens": [
                      {
                        "column": 34,
                        "endOffset": 291,
                        "line": 12,
                        "startOffset": 285,
                        "type": "IDENTIFIER",
                        "value": "Field1",
                      },
                    ],
                  },
                ],
                "startToken": {
                  "column": 23,
                  "endOffset": 284,
                  "line": 12,
                  "startOffset": 274,
                  "type": "IDENTIFIER",
                  "value": "SourceExpr",
                },
                "type": "PropertySection",
              },
              "rawControlType": undefined,
              "startToken": {
                "column": 11,
                "endOffset": 229,
                "line": 11,
                "startOffset": 228,
                "type": "LEFT_BRACE",
                "value": "{",
              },
              "triggers": null,
              "type": "ControlDeclaration",
            },
            {
              "children": [],
              "controlType": "Field",
              "endToken": {
                "column": 41,
                "endOffset": 369,
                "line": 14,
                "startOffset": 368,
                "type": "RIGHT_BRACE",
                "value": "}",
              },
              "id": 4,
              "indentLevel": 2,
              "properties": {
                "endToken": {
                  "column": 34,
                  "endOffset": 367,
                  "line": 14,
                  "startOffset": 361,
                  "type": "IDENTIFIER",
                  "value": "Field2",
                },
                "properties": [
                  {
                    "endToken": {
                      "column": 34,
                      "endOffset": 367,
                      "line": 14,
                      "startOffset": 361,
                      "type": "IDENTIFIER",
                      "value": "Field2",
                    },
                    "name": "SourceExpr",
                    "startToken": {
                      "column": 23,
                      "endOffset": 360,
                      "line": 14,
                      "startOffset": 350,
                      "type": "IDENTIFIER",
                      "value": "SourceExpr",
                    },
                    "type": "Property",
                    "value": "Field2",
                    "valueTokens": [
                      {
                        "column": 34,
                        "endOffset": 367,
                        "line": 14,
                        "startOffset": 361,
                        "type": "IDENTIFIER",
                        "value": "Field2",
                      },
                    ],
                  },
                ],
                "startToken": {
                  "column": 23,
                  "endOffset": 360,
                  "line": 14,
                  "startOffset": 350,
                  "type": "IDENTIFIER",
                  "value": "SourceExpr",
                },
                "type": "PropertySection",
              },
              "rawControlType": undefined,
              "startToken": {
                "column": 11,
                "endOffset": 305,
                "line": 13,
                "startOffset": 304,
                "type": "LEFT_BRACE",
                "value": "{",
              },
              "triggers": null,
              "type": "ControlDeclaration",
            },
          ],
          "controlType": "Group",
          "endToken": {
            "column": 45,
            "endOffset": 217,
            "line": 10,
            "startOffset": 216,
            "type": "RIGHT_BRACE",
            "value": "}",
          },
          "id": 2,
          "indentLevel": 1,
          "properties": {
            "endToken": {
              "column": 43,
              "endOffset": 215,
              "line": 10,
              "startOffset": 214,
              "type": "INTEGER",
              "value": "1",
            },
            "properties": [
              {
                "endToken": {
                  "column": 43,
                  "endOffset": 215,
                  "line": 10,
                  "startOffset": 214,
                  "type": "INTEGER",
                  "value": "1",
                },
                "name": "CaptionML",
                "startToken": {
                  "column": 23,
                  "endOffset": 203,
                  "line": 10,
                  "startOffset": 194,
                  "type": "IDENTIFIER",
                  "value": "CaptionML",
                },
                "type": "Property",
                "value": "ENU=Group 1",
                "valueTokens": [
                  {
                    "column": 33,
                    "endOffset": 207,
                    "line": 10,
                    "startOffset": 204,
                    "type": "IDENTIFIER",
                    "value": "ENU",
                  },
                  {
                    "column": 36,
                    "endOffset": 208,
                    "line": 10,
                    "startOffset": 207,
                    "type": "EQUAL",
                    "value": "=",
                  },
                  {
                    "column": 37,
                    "endOffset": 213,
                    "line": 10,
                    "startOffset": 208,
                    "type": "IDENTIFIER",
                    "value": "Group",
                  },
                  {
                    "column": 43,
                    "endOffset": 215,
                    "line": 10,
                    "startOffset": 214,
                    "type": "INTEGER",
                    "value": "1",
                  },
                ],
              },
            ],
            "startToken": {
              "column": 23,
              "endOffset": 203,
              "line": 10,
              "startOffset": 194,
              "type": "IDENTIFIER",
              "value": "CaptionML",
            },
            "type": "PropertySection",
          },
          "rawControlType": undefined,
          "startToken": {
            "column": 11,
            "endOffset": 149,
            "line": 9,
            "startOffset": 148,
            "type": "LEFT_BRACE",
            "value": "{",
          },
          "triggers": null,
          "type": "ControlDeclaration",
        },
        {
          "children": [
            {
              "children": [],
              "controlType": "Field",
              "endToken": {
                "column": 41,
                "endOffset": 525,
                "line": 18,
                "startOffset": 524,
                "type": "RIGHT_BRACE",
                "value": "}",
              },
              "id": 6,
              "indentLevel": 2,
              "properties": {
                "endToken": {
                  "column": 34,
                  "endOffset": 523,
                  "line": 18,
                  "startOffset": 517,
                  "type": "IDENTIFIER",
                  "value": "Field3",
                },
                "properties": [
                  {
                    "endToken": {
                      "column": 34,
                      "endOffset": 523,
                      "line": 18,
                      "startOffset": 517,
                      "type": "IDENTIFIER",
                      "value": "Field3",
                    },
                    "name": "SourceExpr",
                    "startToken": {
                      "column": 23,
                      "endOffset": 516,
                      "line": 18,
                      "startOffset": 506,
                      "type": "IDENTIFIER",
                      "value": "SourceExpr",
                    },
                    "type": "Property",
                    "value": "Field3",
                    "valueTokens": [
                      {
                        "column": 34,
                        "endOffset": 523,
                        "line": 18,
                        "startOffset": 517,
                        "type": "IDENTIFIER",
                        "value": "Field3",
                      },
                    ],
                  },
                ],
                "startToken": {
                  "column": 23,
                  "endOffset": 516,
                  "line": 18,
                  "startOffset": 506,
                  "type": "IDENTIFIER",
                  "value": "SourceExpr",
                },
                "type": "PropertySection",
              },
              "rawControlType": undefined,
              "startToken": {
                "column": 11,
                "endOffset": 461,
                "line": 17,
                "startOffset": 460,
                "type": "LEFT_BRACE",
                "value": "{",
              },
              "triggers": null,
              "type": "ControlDeclaration",
            },
          ],
          "controlType": "Group",
          "endToken": {
            "column": 45,
            "endOffset": 449,
            "line": 16,
            "startOffset": 448,
            "type": "RIGHT_BRACE",
            "value": "}",
          },
          "id": 5,
          "indentLevel": 1,
          "properties": {
            "endToken": {
              "column": 43,
              "endOffset": 447,
              "line": 16,
              "startOffset": 446,
              "type": "INTEGER",
              "value": "2",
            },
            "properties": [
              {
                "endToken": {
                  "column": 43,
                  "endOffset": 447,
                  "line": 16,
                  "startOffset": 446,
                  "type": "INTEGER",
                  "value": "2",
                },
                "name": "CaptionML",
                "startToken": {
                  "column": 23,
                  "endOffset": 435,
                  "line": 16,
                  "startOffset": 426,
                  "type": "IDENTIFIER",
                  "value": "CaptionML",
                },
                "type": "Property",
                "value": "ENU=Group 2",
                "valueTokens": [
                  {
                    "column": 33,
                    "endOffset": 439,
                    "line": 16,
                    "startOffset": 436,
                    "type": "IDENTIFIER",
                    "value": "ENU",
                  },
                  {
                    "column": 36,
                    "endOffset": 440,
                    "line": 16,
                    "startOffset": 439,
                    "type": "EQUAL",
                    "value": "=",
                  },
                  {
                    "column": 37,
                    "endOffset": 445,
                    "line": 16,
                    "startOffset": 440,
                    "type": "IDENTIFIER",
                    "value": "Group",
                  },
                  {
                    "column": 43,
                    "endOffset": 447,
                    "line": 16,
                    "startOffset": 446,
                    "type": "INTEGER",
                    "value": "2",
                  },
                ],
              },
            ],
            "startToken": {
              "column": 23,
              "endOffset": 435,
              "line": 16,
              "startOffset": 426,
              "type": "IDENTIFIER",
              "value": "CaptionML",
            },
            "type": "PropertySection",
          },
          "rawControlType": undefined,
          "startToken": {
            "column": 11,
            "endOffset": 381,
            "line": 15,
            "startOffset": 380,
            "type": "LEFT_BRACE",
            "value": "{",
          },
          "triggers": null,
          "type": "ControlDeclaration",
        },
      ],
      "controlType": "Container",
      "endToken": {
        "column": 33,
        "endOffset": 137,
        "line": 8,
        "startOffset": 136,
        "type": "RIGHT_BRACE",
        "value": "}",
      },
      "id": 1,
      "indentLevel": 0,
      "properties": null,
      "rawControlType": undefined,
      "startToken": {
        "column": 11,
        "endOffset": 115,
        "line": 8,
        "startOffset": 114,
        "type": "LEFT_BRACE",
        "value": "{",
      },
      "triggers": null,
      "type": "ControlDeclaration",
    },
  ],
  "endToken": {
    "column": 9,
    "endOffset": 535,
    "line": 19,
    "startOffset": 534,
    "type": "RIGHT_BRACE",
    "value": "}",
  },
  "startToken": {
    "column": 9,
    "endOffset": 93,
    "line": 6,
    "startOffset": 85,
    "type": "CONTROLS",
    "value": "CONTROLS",
  },
  "type": "ControlSection",
}
`;
