// Jest Snapshot v1, https://jestjs.io/docs/snapshot-testing

exports[`Parser - ActionList in Control Properties (Brace Depth Bug) SNAPSHOT: ActionList parsing results should match snapshot for CueGroup with ActionList 1`] = `
{
  "endToken": {
    "column": 19,
    "endOffset": 378,
    "line": 11,
    "startOffset": 377,
    "type": "RIGHT_BRACE",
    "value": "}",
  },
  "properties": [
    {
      "endToken": {
        "column": 37,
        "endOffset": 137,
        "line": 6,
        "startOffset": 136,
        "type": "SEMICOLON",
        "value": ";",
      },
      "name": "GroupType",
      "startToken": {
        "column": 19,
        "endOffset": 127,
        "line": 6,
        "startOffset": 118,
        "type": "IDENTIFIER",
        "value": "GroupType",
      },
      "type": "Property",
      "value": "CueGroup",
      "valueTokens": [
        {
          "column": 29,
          "endOffset": 136,
          "line": 6,
          "startOffset": 128,
          "type": "IDENTIFIER",
          "value": "CueGroup",
        },
      ],
    },
    {
      "endToken": {
        "column": 40,
        "endOffset": 178,
        "line": 7,
        "startOffset": 177,
        "type": "SEMICOLON",
        "value": ";",
      },
      "name": "CaptionML",
      "startToken": {
        "column": 19,
        "endOffset": 165,
        "line": 7,
        "startOffset": 156,
        "type": "IDENTIFIER",
        "value": "CaptionML",
      },
      "type": "Property",
      "value": "ENU=Actions",
      "valueTokens": [
        {
          "column": 29,
          "endOffset": 169,
          "line": 7,
          "startOffset": 166,
          "type": "IDENTIFIER",
          "value": "ENU",
        },
        {
          "column": 32,
          "endOffset": 170,
          "line": 7,
          "startOffset": 169,
          "type": "EQUAL",
          "value": "=",
        },
        {
          "column": 33,
          "endOffset": 177,
          "line": 7,
          "startOffset": 170,
          "type": "ACTIONS",
          "value": "Actions",
        },
      ],
    },
    {
      "actionSection": {
        "actions": [
          {
            "actionType": "Action",
            "children": [],
            "endToken": {
              "column": 69,
              "endOffset": 287,
              "line": 9,
              "startOffset": 286,
              "type": "RIGHT_BRACE",
              "value": "}",
            },
            "id": 1,
            "indentLevel": 0,
            "properties": {
              "endToken": {
                "column": 63,
                "endOffset": 285,
                "line": 9,
                "startOffset": 280,
                "type": "IDENTIFIER",
                "value": "First",
              },
              "properties": [
                {
                  "endToken": {
                    "column": 47,
                    "endOffset": 265,
                    "line": 9,
                    "startOffset": 264,
                    "type": "SEMICOLON",
                    "value": ";",
                  },
                  "name": "Name",
                  "startToken": {
                    "column": 35,
                    "endOffset": 256,
                    "line": 9,
                    "startOffset": 252,
                    "type": "IDENTIFIER",
                    "value": "Name",
                  },
                  "type": "Property",
                  "value": "Action1",
                  "valueTokens": [
                    {
                      "column": 40,
                      "endOffset": 264,
                      "line": 9,
                      "startOffset": 257,
                      "type": "IDENTIFIER",
                      "value": "Action1",
                    },
                  ],
                },
                {
                  "endToken": {
                    "column": 63,
                    "endOffset": 285,
                    "line": 9,
                    "startOffset": 280,
                    "type": "IDENTIFIER",
                    "value": "First",
                  },
                  "name": "CaptionML",
                  "startToken": {
                    "column": 49,
                    "endOffset": 275,
                    "line": 9,
                    "startOffset": 266,
                    "type": "IDENTIFIER",
                    "value": "CaptionML",
                  },
                  "type": "Property",
                  "value": "ENU=First",
                  "valueTokens": [
                    {
                      "column": 59,
                      "endOffset": 279,
                      "line": 9,
                      "startOffset": 276,
                      "type": "IDENTIFIER",
                      "value": "ENU",
                    },
                    {
                      "column": 62,
                      "endOffset": 280,
                      "line": 9,
                      "startOffset": 279,
                      "type": "EQUAL",
                      "value": "=",
                    },
                    {
                      "column": 63,
                      "endOffset": 285,
                      "line": 9,
                      "startOffset": 280,
                      "type": "IDENTIFIER",
                      "value": "First",
                    },
                  ],
                },
              ],
              "startToken": {
                "column": 35,
                "endOffset": 256,
                "line": 9,
                "startOffset": 252,
                "type": "IDENTIFIER",
                "value": "Name",
              },
              "type": "PropertySection",
            },
            "rawActionType": undefined,
            "startToken": {
              "column": 21,
              "endOffset": 239,
              "line": 9,
              "startOffset": 238,
              "type": "LEFT_BRACE",
              "value": "{",
            },
            "triggers": null,
            "type": "ActionDeclaration",
          },
          {
            "actionType": "Action",
            "children": [],
            "endToken": {
              "column": 70,
              "endOffset": 358,
              "line": 10,
              "startOffset": 357,
              "type": "RIGHT_BRACE",
              "value": "}",
            },
            "id": 2,
            "indentLevel": 0,
            "properties": {
              "endToken": {
                "column": 63,
                "endOffset": 356,
                "line": 10,
                "startOffset": 350,
                "type": "IDENTIFIER",
                "value": "Second",
              },
              "properties": [
                {
                  "endToken": {
                    "column": 47,
                    "endOffset": 335,
                    "line": 10,
                    "startOffset": 334,
                    "type": "SEMICOLON",
                    "value": ";",
                  },
                  "name": "Name",
                  "startToken": {
                    "column": 35,
                    "endOffset": 326,
                    "line": 10,
                    "startOffset": 322,
                    "type": "IDENTIFIER",
                    "value": "Name",
                  },
                  "type": "Property",
                  "value": "Action2",
                  "valueTokens": [
                    {
                      "column": 40,
                      "endOffset": 334,
                      "line": 10,
                      "startOffset": 327,
                      "type": "IDENTIFIER",
                      "value": "Action2",
                    },
                  ],
                },
                {
                  "endToken": {
                    "column": 63,
                    "endOffset": 356,
                    "line": 10,
                    "startOffset": 350,
                    "type": "IDENTIFIER",
                    "value": "Second",
                  },
                  "name": "CaptionML",
                  "startToken": {
                    "column": 49,
                    "endOffset": 345,
                    "line": 10,
                    "startOffset": 336,
                    "type": "IDENTIFIER",
                    "value": "CaptionML",
                  },
                  "type": "Property",
                  "value": "ENU=Second",
                  "valueTokens": [
                    {
                      "column": 59,
                      "endOffset": 349,
                      "line": 10,
                      "startOffset": 346,
                      "type": "IDENTIFIER",
                      "value": "ENU",
                    },
                    {
                      "column": 62,
                      "endOffset": 350,
                      "line": 10,
                      "startOffset": 349,
                      "type": "EQUAL",
                      "value": "=",
                    },
                    {
                      "column": 63,
                      "endOffset": 356,
                      "line": 10,
                      "startOffset": 350,
                      "type": "IDENTIFIER",
                      "value": "Second",
                    },
                  ],
                },
              ],
              "startToken": {
                "column": 35,
                "endOffset": 326,
                "line": 10,
                "startOffset": 322,
                "type": "IDENTIFIER",
                "value": "Name",
              },
              "type": "PropertySection",
            },
            "rawActionType": undefined,
            "startToken": {
              "column": 21,
              "endOffset": 309,
              "line": 10,
              "startOffset": 308,
              "type": "LEFT_BRACE",
              "value": "{",
            },
            "triggers": null,
            "type": "ActionDeclaration",
          },
        ],
        "endToken": {
          "column": 19,
          "endOffset": 378,
          "line": 11,
          "startOffset": 377,
          "type": "RIGHT_BRACE",
          "value": "}",
        },
        "source": "control-property",
        "startToken": {
          "column": 30,
          "endOffset": 215,
          "line": 8,
          "startOffset": 208,
          "type": "ACTIONS",
          "value": "ACTIONS",
        },
        "type": "ActionSection",
      },
      "endToken": {
        "column": 19,
        "endOffset": 378,
        "line": 11,
        "startOffset": 377,
        "type": "RIGHT_BRACE",
        "value": "}",
      },
      "name": "ActionList",
      "startToken": {
        "column": 19,
        "endOffset": 207,
        "line": 8,
        "startOffset": 197,
        "type": "IDENTIFIER",
        "value": "ActionList",
      },
      "type": "Property",
      "value": "ACTIONS {...}",
    },
  ],
  "startToken": {
    "column": 19,
    "endOffset": 127,
    "line": 6,
    "startOffset": 118,
    "type": "IDENTIFIER",
    "value": "GroupType",
  },
  "type": "PropertySection",
}
`;
